[dotenv@17.2.3] injecting env (9) from .env -- tip: 🔐 encrypt with Dotenvx: https://dotenvx.com
Testing models with API key starts with: AIzaS...
Testing gemini-1.5-flash...
❌ FAILED: gemini-1.5-flash - [GoogleGenerativeAI Error]: Error fetching from https://generativelanguage.googleapis.com/v1beta/models/gemini-1.5-flash:generateContent: [404 Not Found] models/gemini-1.5-flash is not found for API version v1beta, or is not supported for generateContent. Call ListModels to see the list of available models and their supported methods.
Testing gemini-1.5-flash-001...
❌ FAILED: gemini-1.5-flash-001 - [GoogleGenerativeAI Error]: Error fetching from https://generativelanguage.googleapis.com/v1beta/models/gemini-1.5-flash-001:generateContent: [404 Not Found] models/gemini-1.5-flash-001 is not found for API version v1beta, or is not supported for generateContent. Call ListModels to see the list of available models and their supported methods.
Testing gemini-1.5-pro...
❌ FAILED: gemini-1.5-pro - [GoogleGenerativeAI Error]: Error fetching from https://generativelanguage.googleapis.com/v1beta/models/gemini-1.5-pro:generateContent: [404 Not Found] models/gemini-1.5-pro is not found for API version v1beta, or is not supported for generateContent. Call ListModels to see the list of available models and their supported methods.
Testing gemini-pro-vision...
❌ FAILED: gemini-pro-vision - [GoogleGenerativeAI Error]: Error fetching from https://generativelanguage.googleapis.com/v1beta/models/gemini-pro-vision:generateContent: [404 Not Found] models/gemini-pro-vision is not found for API version v1beta, or is not supported for generateContent. Call ListModels to see the list of available models and their supported methods.
Testing gemini-2.0-flash-exp...
❌ FAILED: gemini-2.0-flash-exp - [GoogleGenerativeAI Error]: Error fetching from https://generativelanguage.googleapis.com/v1beta/models/gemini-2.0-flash-exp:generateContent: [429 Too Many Requests] You exceeded your current quota, please check your plan and billing details. For more information on this error, head to: https://ai.google.dev/gemini-api/docs/rate-limits. To monitor your current usage, head to: https://ai.dev/usage?tab=rate-limit. 
